// Jest Snapshot v1, https://goo.gl/fbAQLP

exports[`LoadingAnimation Snapshots renders as expected 1`] = `
.emotion-0 {
  background-color: #dfe2e6;
  width: 16px;
  height: 16px;
  font-size: 0px;
  border-radius: 100%;
  -webkit-transform: scale(0);
  -ms-transform: scale(0);
  transform: scale(0);
  display: inline-block;
  margin-right: 8px;
  -webkit-animation-name: animation-g2wphw;
  animation-name: animation-g2wphw;
  -webkit-animation-duration: 1400ms;
  animation-duration: 1400ms;
  -webkit-animation-iteration-count: infinite;
  animation-iteration-count: infinite;
  -webkit-animation-timing-function: ease-in-out;
  animation-timing-function: ease-in-out;
  -webkit-animation-fill-mode: both;
  animation-fill-mode: both;
  -webkit-animation-delay: 0ms;
  animation-delay: 0ms;
}

.emotion-1 {
  background-color: #dfe2e6;
  width: 16px;
  height: 16px;
  font-size: 0px;
  border-radius: 100%;
  -webkit-transform: scale(0);
  -ms-transform: scale(0);
  transform: scale(0);
  display: inline-block;
  margin-right: 8px;
  -webkit-animation-name: animation-g2wphw;
  animation-name: animation-g2wphw;
  -webkit-animation-duration: 1400ms;
  animation-duration: 1400ms;
  -webkit-animation-iteration-count: infinite;
  animation-iteration-count: infinite;
  -webkit-animation-timing-function: ease-in-out;
  animation-timing-function: ease-in-out;
  -webkit-animation-fill-mode: both;
  animation-fill-mode: both;
  -webkit-animation-delay: 160ms;
  animation-delay: 160ms;
}

.emotion-2 {
  background-color: #dfe2e6;
  width: 16px;
  height: 16px;
  font-size: 0px;
  border-radius: 100%;
  -webkit-transform: scale(0);
  -ms-transform: scale(0);
  transform: scale(0);
  display: inline-block;
  margin-right: 8px;
  -webkit-animation-name: animation-g2wphw;
  animation-name: animation-g2wphw;
  -webkit-animation-duration: 1400ms;
  animation-duration: 1400ms;
  -webkit-animation-iteration-count: infinite;
  animation-iteration-count: infinite;
  -webkit-animation-timing-function: ease-in-out;
  animation-timing-function: ease-in-out;
  -webkit-animation-fill-mode: both;
  animation-fill-mode: both;
  -webkit-animation-delay: 320ms;
  animation-delay: 320ms;
}

<div>
  <div
    className="emotion-0"
  />
  <div
    className="emotion-1"
  />
  <div
    className="emotion-2"
  />
</div>
`;
