// Jest Snapshot v1, https://goo.gl/fbAQLP

exports[`Applet Icon Snapshots renders as expected 1`] = `
.emotion-0 {
  display: inline-block;
}

.emotion-0 svg {
  display: block;
}

<span
  className="emotion-0"
  dangerouslySetInnerHTML={
    Object {
      "__html": "<svg xmlns=\\"http://www.w3.org/2000/svg\\" width=\\"50\\" height=\\"50\\" class=\\"wd-graphic wd-graphic-badge-achievement\\" focusable=\\"false\\" role=\\"presentation\\" viewBox=\\"0 0 50 50\\"><g fill=\\"none\\" fill-rule=\\"nonzero\\" class=\\"wd-icon-container\\"><circle cx=\\"25\\" cy=\\"25\\" r=\\"25\\" fill=\\"#FFC943\\"/><path fill=\\"#FF7A45\\" d=\\"M17 12h23l-4.373 7.5L40 27H17z\\"/><path fill=\\"#656464\\" d=\\"M15 12h2v31h-2z\\"/><circle cx=\\"16\\" cy=\\"11.5\\" r=\\"1.5\\" fill=\\"#656464\\"/></g></svg>",
    }
  }
/>
`;
